warning: [.WebGL-0x11c0043c600]GL Driver Message (OpenGL, Performance, GL_CLOSE_PATH_NV, High): GPU stall due to ReadPixels
warning: [.WebGL-0x11c0043c600]GL Driver Message (OpenGL, Performance, GL_CLOSE_PATH_NV, High): GPU stall due to ReadPixels
warning: [.WebGL-0x11c0043c600]GL Driver Message (OpenGL, Performance, GL_CLOSE_PATH_NV, High): GPU stall due to ReadPixels
warning: [.WebGL-0x11c0043c600]GL Driver Message (OpenGL, Performance, GL_CLOSE_PATH_NV, High): GPU stall due to ReadPixels (this message will no longer repeat)
QA load ms 834
QA PASS Level 0 starts through the normal forced-briefing-skip path
QA PASS Crawler is absent; other Level 0 enemies remain
QA PASS first territorial calls are scheduled 120–180 seconds into play
QA PASS all three calls and three screams decode
QA PASS briefing and controls no longer teach the Crawler mechanic
QA PASS missing, suspended and undecoded audio safely fall back without throwing
QA calls {"early":0,"count":1,"next":122.68877889029682,"paused":true,"deferred":true,"recorded":[{"x":78.06352486532991,"z":98.83710814740748,"owner":true,"atOwner":true},{"x":78.06352486532991,"z":98.83710814740748,"owner":true,"atOwner":true}],"before":{"x":78.07953511714004,"z":98.89832626059652},"voice":{"ref":16,"roll":0.42,"occF":1100}}
QA PASS territorial call pauses the entity and resets its 120–180 second timer
QA PASS a busy Howler defers its territorial call
QA PASS calls originate from the actual Howler
QA PASS distant calls use long-range positional attenuation and wall muffling
QA PASS chase scream has a seven-second cooldown and camera feedback
QA PASS scream plays and its panner follows the moving Howler
QA PASS checkpoint retains the tape, stops Howler audio and resets its timing without a Crawler
QA PASS detailed camcorder keeps its tally beacon and tape interaction
QA PASS scene teardown stops positional samples with no recovered errors
QA PAGE CLOSE
